0
2
10
27
57
111
213
406
758
1368
2372
3949
6327
9789
